../Core/Src/main.c:72:5:main	24	static
../Core/Src/main.c:119:6:SystemClock_Config	96	static
../Core/Src/main.c:162:13:MX_USART1_UART_Init	8	static
../Core/Src/main.c:195:13:MX_USART2_UART_Init	8	static
../Core/Src/main.c:228:13:MX_GPIO_Init	40	static
../Core/Src/main.c:261:6:displayLEDBuffer	24	static
../Core/Src/main.c:273:6:displayClockPulse	8	static
../Core/Src/main.c:278:6:displayLatch	8	static
../Core/Src/main.c:283:6:displayErrors	4	static
../Core/Src/main.c:295:6:Error_Handler	4	static,ignoring_inline_asm
