../Core/Src/main.c:72:5:main	24	static
../Core/Src/main.c:279:6:SystemClock_Config	96	static
../Core/Src/main.c:322:13:MX_USART1_UART_Init	8	static
../Core/Src/main.c:355:13:MX_USART2_UART_Init	8	static
../Core/Src/main.c:388:13:MX_GPIO_Init	40	static
../Core/Src/main.c:421:6:displayLEDBuffer	24	static
../Core/Src/main.c:433:6:displayClockPulse	8	static
../Core/Src/main.c:438:6:displayLatch	8	static
../Core/Src/main.c:443:6:displayErrors	4	static
../Core/Src/main.c:455:6:Error_Handler	4	static,ignoring_inline_asm
